direct	direct	9000	tcp	1up	34.47	0.00	0	-	c0:34.47 	0|0
direct	direct	9000	tcp	1down	34.76	0.00	0	-	c0:34.76 	0|0
direct	direct	9000	tcp	half	34.48	0.00	0	-	c0:25.11 c1:9.37 	0|0
direct	direct	9000	tcp	allup	35.75	0.00	0	-	c0:26.49 c1:9.26 	0|0
direct	direct	9000	tcp	alldown	30.09	0.00	0	-	c0:20.78 c1:9.31 	0|0
direct	direct	9000	udp	1up	2.00	0.00	0	0.0	c0:2.00 	0|0
direct	direct	9000	udp	1down	2.00	0.00	0	0.0	c0:2.00 	0|0
direct	direct	9000	udp	half	4.11	0.00	0	0.1	c0:2.11 c1:2.00 	0|0
direct	direct	9000	udp	allup	3.88	0.00	0	0.1	c0:2.00 c1:1.88 	0|0
direct	direct	9000	udp	alldown	4.00	0.00	0	0.0	c0:2.00 c1:2.00 	0|0
direct	direct	1500	tcp	1up	34.75	0.01	0	-	c0:34.75 	0|0
direct	direct	1500	tcp	1down	35.50	0.00	0	-	c0:35.50 	0|0
direct	direct	1500	tcp	half	33.06	0.00	0	-	c0:24.11 c1:8.95 	0|0
direct	direct	1500	tcp	allup	35.61	0.00	0	-	c0:27.03 c1:8.59 	0|0
direct	direct	1500	tcp	alldown	28.82	0.00	0	-	c0:19.46 c1:9.36 	0|0
direct	direct	1500	udp	1up	2.00	0.00	0	0.0	c0:2.00 	0|0
direct	direct	1500	udp	1down	2.00	0.00	0	0.0	c0:2.00 	0|0
direct	direct	1500	udp	half	3.58	0.00	0	6.1	c0:1.75 c1:1.83 	0|0
direct	direct	1500	udp	allup	2.78	0.01	0	30.5	c0:1.06 c1:1.71 	0|0
direct	direct	1500	udp	alldown	3.91	0.00	0	0.2	c0:1.97 c1:1.94 	0|0
[2core-direct] DONE -> /home/trieutruong/repositories/tmasqued/bench/results-2core/direct.tsv
