direct	direct	9000	tcp	1up	40.29	0.00	0	-	c0:40.29 	0|0|0|0|0|0|0|0
direct	direct	9000	tcp	1down	41.55	0.00	0	-	c0:41.55 	0|0|0|0|0|0|0|0
direct	direct	9000	tcp	half	57.00	0.00	0	-	c0:12.16 c1:13.16 c2:9.68 c3:6.85 c4:8.26 c5:6.88 	0|0|0|0|0|0|0|0
direct	direct	9000	tcp	allup	64.12	0.00	0	-	c0:13.95 c1:13.13 c2:4.93 c3:13.41 c4:4.68 c5:14.02 	0|0|0|0|0|0|0|0
direct	direct	9000	tcp	alldown	52.54	0.01	0	-	c0:12.03 c1:10.41 c2:4.97 c3:10.18 c4:4.83 c5:10.12 	0|0|0|0|0|0|0|0
direct	direct	9000	udp	1up	2.00	0.00	0	0.0	c0:2.00 	0|0|0|0|0|0|0|0
direct	direct	9000	udp	1down	2.00	0.00	0	0.0	c0:2.00 	0|0|0|0|0|0|0|0
direct	direct	9000	udp	half	10.52	0.00	0	12.3	c0:1.60 c1:1.56 c2:1.57 c3:1.97 c4:1.88 c5:1.95 	0|0|0|0|0|0|0|0
direct	direct	9000	udp	allup	8.27	0.00	0	31.0	c0:1.42 c1:1.44 c2:1.37 c3:1.25 c4:1.39 c5:1.41 	0|0|0|0|0|0|0|0
direct	direct	9000	udp	alldown	11.70	0.00	0	2.5	c0:1.91 c1:1.99 c2:1.96 c3:2.00 c4:1.89 c5:1.96 	0|0|0|0|0|0|0|0
direct	direct	1500	tcp	1up	40.41	0.00	0	-	c0:40.41 	0|0|0|0|0|0|0|0
direct	direct	1500	tcp	1down	42.03	0.01	0	-	c0:42.03 	0|0|0|0|0|0|0|0
direct	direct	1500	tcp	half	58.05	0.00	0	-	c0:11.69 c1:12.05 c2:9.01 c3:8.45 c4:8.56 c5:8.28 	0|0|0|0|0|0|0|0
direct	direct	1500	tcp	allup	63.46	0.00	0	-	c0:13.92 c1:13.69 c2:2.88 c3:13.25 c4:6.31 c5:13.42 	0|0|0|0|0|0|0|0
direct	direct	1500	tcp	alldown	52.04	0.00	0	-	c0:11.15 c1:10.48 c2:4.55 c3:10.64 c4:4.80 c5:10.42 	0|0|0|0|0|0|0|0
direct	direct	1500	udp	1up	2.00	0.00	0	0.0	c0:2.00 	0|0|0|0|0|0|0|0
direct	direct	1500	udp	1down	2.00	0.00	0	0.0	c0:2.00 	0|0|0|0|0|0|0|0
direct	direct	1500	udp	half	4.09	0.00	0	31.0	c0:0.70 c1:0.73 c2:0.90 c3:0.45 c4:0.59 c5:0.73 	0|0|0|0|0|0|0|0
direct	direct	1500	udp	allup	2.84	0.00	0	76.3	c0:0.56 c1:0.48 c2:0.38 c3:0.34 c4:0.70 c5:0.39 	0|0|0|0|0|0|0|0
direct	direct	1500	udp	alldown	7.16	0.00	0	0.2	c0:1.08 c1:1.36 c2:1.31 c3:0.72 c4:1.64 c5:1.05 	0|0|0|0|0|0|0|0
[direct] DONE -> /home/trieutruong/repositories/tmasqued/bench/results-8core/direct.tsv
